#-----------------------------------------------------------
# Vivado v2020.2 (64-bit)
# SW Build 3064766 on Wed Nov 18 09:12:45 MST 2020
# IP Build 3064653 on Wed Nov 18 14:17:31 MST 2020
# Start of session at: Thu Apr 29 21:53:50 2021
# Process ID: 13152
# Current directory: C:/Users/zacht/Documents/- School/COEN 4710 - Computer Hardware/Projects/Project 2/project_2b
# Command line: vivado.exe -gui_launcher_event rodinguilauncherevent4028 C:\Users\zacht\Documents\- School\COEN 4710 - Computer Hardware\Projects\Project 2\project_2b\project_2b.xpr
# Log file: C:/Users/zacht/Documents/- School/COEN 4710 - Computer Hardware/Projects/Project 2/project_2b/vivado.log
# Journal file: C:/Users/zacht/Documents/- School/COEN 4710 - Computer Hardware/Projects/Project 2/project_2b\vivado.jou
#-----------------------------------------------------------
start_gui
open_project {C:/Users/zacht/Documents/- School/COEN 4710 - Computer Hardware/Projects/Project 2/project_2b/project_2b.xpr}
update_compile_order -fileset sources_1
launch_simulation
source alu_tb.tcl
close_sim
